components/library/ExportModal.tsx(68,13): error TS17002: Expected corresponding JSX closing tag for 'DialogDescription'.
components/library/recap/components/AnalyticsPanel.tsx(48,6): error TS17008: JSX element 'div' has no corresponding closing tag.
components/library/recap/components/AnalyticsPanel.tsx(69,10): error TS17008: JSX element 'div' has no corresponding closing tag.
components/library/recap/components/AnalyticsPanel.tsx(93,12): error TS1381: Unexpected token. Did you mean `{'}'}` or `&rbrace;`?
components/library/recap/components/AnalyticsPanel.tsx(107,12): error TS1381: Unexpected token. Did you mean `{'}'}` or `&rbrace;`?
components/library/recap/components/AnalyticsPanel.tsx(117,4): error TS1005: '}' expected.
components/library/recap/components/AnalyticsPanel.tsx(118,1): error TS1381: Unexpected token. Did you mean `{'}'}` or `&rbrace;`?
components/library/recap/components/AnalyticsPanel.tsx(118,2): error TS1005: '</' expected.
components/library/recap/components/ui/sourcecitation.tsx(76,1): error TS1005: '}' expected.
components/library/recap/RagPage.tsx(672,77): error TS1003: Identifier expected.
components/library/recap/RagPage.tsx(672,78): error TS1002: Unterminated string literal.
components/library/recap/RagPage.tsx(675,13): error TS1382: Unexpected token. Did you mean `{'>'}` or `&gt;`?
components/library/recap/RagPage.tsx(677,15): error TS17002: Expected corresponding JSX closing tag for 'div'.
components/library/recap/RagPage.tsx(678,13): error TS17002: Expected corresponding JSX closing tag for 'header'.
components/library/recap/RagPage.tsx(679,11): error TS17002: Expected corresponding JSX closing tag for 'main'.
components/library/recap/RagPage.tsx(765,9): error TS17002: Expected corresponding JSX closing tag for 'div'.
components/library/recap/RagPage.tsx(767,7): error TS1005: ')' expected.
components/library/recap/RagPage.tsx(809,5): error TS1128: Declaration or statement expected.
components/library/recap/RagPage.tsx(810,3): error TS1109: Expression expected.
components/library/recap/SearchPage.tsx(67,72): error TS1005: ',' expected.
components/library/recap/SearchPage.tsx(67,73): error TS1002: Unterminated string literal.
components/library/recap/SearchPage.tsx(67,73): error TS1005: ')' expected.
components/library/recap/SnowballingPage.tsx(28,47): error TS1002: Unterminated string literal.
components/library/recap/SnowballingPage.tsx(287,11): error TS17002: Expected corresponding JSX closing tag for 'g'.
components/library/recap/SnowballingPage.tsx(287,19): error TS17002: Expected corresponding JSX closing tag for 'svg'.
components/library/recap/SnowballingPage.tsx(287,24): error TS1005: ')' expected.
components/library/recap/SnowballingPage.tsx(287,26): error TS1005: ';' expected.
components/library/recap/SnowballingPage.tsx(287,35): error TS1005: ';' expected.
components/library/recap/SnowballingPage.tsx(287,37): error TS1005: ';' expected.
components/library/recap/SnowballingPage.tsx(287,47): error TS1005: ';' expected.
components/library/recap/SnowballingPage.tsx(287,49): error TS1005: ';' expected.
components/library/recap/SnowballingPage.tsx(287,55): error TS1005: ';' expected.
components/library/recap/SnowballingPage.tsx(287,56): error TS1005: ';' expected.
components/library/recap/SnowballingPage.tsx(287,60): error TS1002: Unterminated string literal.
components/library/recap/SnowballingPage.tsx(288,15): error TS1005: ';' expected.
components/library/recap/SnowballingPage.tsx(288,22): error TS1005: ';' expected.
components/library/recap/SnowballingPage.tsx(288,29): error TS1005: ';' expected.
components/library/recap/SnowballingPage.tsx(288,40): error TS1005: ';' expected.
components/library/recap/SnowballingPage.tsx(288,52): error TS1005: ';' expected.
components/library/recap/SnowballingPage.tsx(288,60): error TS1109: Expression expected.
components/library/recap/SnowballingPage.tsx(289,7): error TS1109: Expression expected.
components/library/recap/SnowballingPage.tsx(290,5): error TS1109: Expression expected.
components/library/recap/SnowballingPage.tsx(291,3): error TS1109: Expression expected.
components/ui/dialog.tsx(38,5): error TS1003: Identifier expected.
components/ui/dialog.tsx(39,3): error TS1003: Identifier expected.
components/ui/dialog.tsx(40,1): error TS1003: Identifier expected.
src/components/ui/sourcecitation.tsx(76,1): error TS1005: '}' expected.
