components/library/CollectionsPanel.tsx(40,9): error TS2769: No overload matches this call.
  Overload 1 of 2, '(input: string | URL | Request, init?: RequestInit | undefined): Promise<Response>', gave the following error.
    Type '{ Authorization: string; 'Content-Type': string; } | { Authorization?: undefined; 'Content-Type': string; }' is not assignable to type 'HeadersInit | undefined'.
      Type '{ Authorization?: undefined; 'Content-Type': string; }' is not assignable to type 'HeadersInit | undefined'.
        Type '{ Authorization?: undefined; 'Content-Type': string; }' is not assignable to type 'undefined'.
  Overload 2 of 2, '(input: URL | RequestInfo, init?: RequestInit | undefined): Promise<Response>', gave the following error.
    Type '{ Authorization: string; 'Content-Type': string; } | { Authorization?: undefined; 'Content-Type': string; }' is not assignable to type 'HeadersInit | undefined'.
      Type '{ Authorization?: undefined; 'Content-Type': string; }' is not assignable to type 'HeadersInit | undefined'.
        Type '{ Authorization?: undefined; 'Content-Type': string; }' is not assignable to type 'undefined'.
components/library/CollectionsPanel.tsx(68,9): error TS2769: No overload matches this call.
  Overload 1 of 2, '(input: string | URL | Request, init?: RequestInit | undefined): Promise<Response>', gave the following error.
    Type '{ Authorization: string; 'Content-Type': string; } | { Authorization?: undefined; 'Content-Type': string; }' is not assignable to type 'HeadersInit | undefined'.
      Type '{ Authorization?: undefined; 'Content-Type': string; }' is not assignable to type 'HeadersInit | undefined'.
        Type '{ Authorization?: undefined; 'Content-Type': string; }' is not assignable to type 'undefined'.
  Overload 2 of 2, '(input: URL | RequestInfo, init?: RequestInit | undefined): Promise<Response>', gave the following error.
    Type '{ Authorization: string; 'Content-Type': string; } | { Authorization?: undefined; 'Content-Type': string; }' is not assignable to type 'HeadersInit | undefined'.
      Type '{ Authorization?: undefined; 'Content-Type': string; }' is not assignable to type 'HeadersInit | undefined'.
        Type '{ Authorization?: undefined; 'Content-Type': string; }' is not assignable to type 'undefined'.
components/library/CollectionsPanel.tsx(106,9): error TS2769: No overload matches this call.
  Overload 1 of 2, '(input: string | URL | Request, init?: RequestInit | undefined): Promise<Response>', gave the following error.
    Type '{ Authorization: string; 'Content-Type': string; } | { Authorization?: undefined; 'Content-Type': string; }' is not assignable to type 'HeadersInit | undefined'.
      Type '{ Authorization?: undefined; 'Content-Type': string; }' is not assignable to type 'HeadersInit | undefined'.
        Type '{ Authorization?: undefined; 'Content-Type': string; }' is not assignable to type 'undefined'.
  Overload 2 of 2, '(input: URL | RequestInfo, init?: RequestInit | undefined): Promise<Response>', gave the following error.
    Type '{ Authorization: string; 'Content-Type': string; } | { Authorization?: undefined; 'Content-Type': string; }' is not assignable to type 'HeadersInit | undefined'.
      Type '{ Authorization?: undefined; 'Content-Type': string; }' is not assignable to type 'HeadersInit | undefined'.
        Type '{ Authorization?: undefined; 'Content-Type': string; }' is not assignable to type 'undefined'.
components/library/RagPanel.tsx(28,33): error TS2304: Cannot find name 'div'.
components/library/RagPanel.tsx(58,9): error TS2769: No overload matches this call.
  Overload 1 of 2, '(input: string | URL | Request, init?: RequestInit | undefined): Promise<Response>', gave the following error.
    Type '{ Authorization: string; 'Content-Type': string; } | { Authorization?: undefined; 'Content-Type': string; }' is not assignable to type 'HeadersInit | undefined'.
      Type '{ Authorization?: undefined; 'Content-Type': string; }' is not assignable to type 'HeadersInit | undefined'.
        Type '{ Authorization?: undefined; 'Content-Type': string; }' is not assignable to type 'undefined'.
  Overload 2 of 2, '(input: URL | RequestInfo, init?: RequestInit | undefined): Promise<Response>', gave the following error.
    Type '{ Authorization: string; 'Content-Type': string; } | { Authorization?: undefined; 'Content-Type': string; }' is not assignable to type 'HeadersInit | undefined'.
      Type '{ Authorization?: undefined; 'Content-Type': string; }' is not assignable to type 'HeadersInit | undefined'.
        Type '{ Authorization?: undefined; 'Content-Type': string; }' is not assignable to type 'undefined'.
components/library/recap/AnalyticsPage.tsx(153,69): error TS2322: Type '{ cx: string; cy: string; r: string; fill: string; stroke: string; strokeWeight: string; strokeDasharray: string; strokeDashoffset: string; strokeLinecap: "round"; }' is not assignable to type 'SVGProps<SVGCircleElement>'.
  Property 'strokeWeight' does not exist on type 'SVGProps<SVGCircleElement>'.
components/library/recap/AnalyticsPage.tsx(189,92): error TS2322: Type '{ x: string; y: string; width: string; height: string; rx: string; fill: string; stroke: string; strokeWeight: string; }' is not assignable to type 'SVGProps<SVGRectElement>'.
  Property 'strokeWeight' does not exist on type 'SVGProps<SVGRectElement>'.
components/library/recap/AnalyticsPage.tsx(191,72): error TS2322: Type '{ d: string; stroke: string; strokeWeight: string; fill: string; strokeLinecap: "round"; strokeLinejoin: "round"; }' is not assignable to type 'SVGProps<SVGPathElement>'.
  Property 'strokeWeight' does not exist on type 'SVGProps<SVGPathElement>'.
components/library/recap/AnalyticsPage.tsx(192,65): error TS2322: Type '{ d: string; stroke: string; strokeWeight: string; fill: string; strokeLinecap: "round"; strokeLinejoin: "round"; }' is not assignable to type 'SVGProps<SVGPathElement>'.
  Property 'strokeWeight' does not exist on type 'SVGProps<SVGPathElement>'.
components/library/recap/AnalyticsPage.tsx(234,11): error TS2322: Type '{ points: string; fill: string; stroke: string; strokeWeight: string; strokeLinecap: "round"; strokeLinejoin: "round"; }' is not assignable to type 'SVGProps<SVGPolylineElement>'.
  Property 'strokeWeight' does not exist on type 'SVGProps<SVGPolylineElement>'.
components/library/recap/AnalyticsPage.tsx(247,71): error TS2322: Type '{ cx: string; cy: string; r: string; fill: string; stroke: string; strokeWeight: string; }' is not assignable to type 'SVGProps<SVGCircleElement>'.
  Property 'strokeWeight' does not exist on type 'SVGProps<SVGCircleElement>'.
components/library/recap/AnalyticsPage.tsx(254,11): error TS2322: Type '{ cx: string; cy: string; r: string; fill: string; stroke: string; strokeWeight: string; strokeDasharray: string; strokeLinecap: "round"; }' is not assignable to type 'SVGProps<SVGCircleElement>'.
  Property 'strokeWeight' does not exist on type 'SVGProps<SVGCircleElement>'.
components/library/recap/AnalyticsPage.tsx(264,11): error TS2322: Type '{ cx: string; cy: string; r: string; fill: string; stroke: string; strokeWeight: string; strokeDasharray: string; strokeDashoffset: string; strokeLinecap: "round"; }' is not assignable to type 'SVGProps<SVGCircleElement>'.
  Property 'strokeWeight' does not exist on type 'SVGProps<SVGCircleElement>'.
components/library/recap/AnalyticsPage.tsx(273,69): error TS2322: Type '{ cx: string; cy: string; r: string; fill: string; stroke: string; strokeWeight: string; }' is not assignable to type 'SVGProps<SVGCircleElement>'.
  Property 'strokeWeight' does not exist on type 'SVGProps<SVGCircleElement>'.
components/library/recap/AnalyticsPage.tsx(274,66): error TS2322: Type '{ x1: string; y1: string; x2: string; y2: string; stroke: string; strokeWeight: string; strokeLinecap: "round"; }' is not assignable to type 'SVGLineElementAttributes<SVGLineElement>'.
  Property 'strokeWeight' does not exist on type 'SVGLineElementAttributes<SVGLineElement>'.
components/library/recap/AnalyticsPage.tsx(289,91): error TS2322: Type '{ x: string; y: string; width: string; height: string; rx: string; fill: string; stroke: string; strokeWeight: string; }' is not assignable to type 'SVGProps<SVGRectElement>'.
  Property 'strokeWeight' does not exist on type 'SVGProps<SVGRectElement>'.
components/library/recap/AnalyticsPage.tsx(290,90): error TS2322: Type '{ x: string; y: string; width: string; height: string; rx: string; fill: string; stroke: string; strokeWeight: string; }' is not assignable to type 'SVGProps<SVGRectElement>'.
  Property 'strokeWeight' does not exist on type 'SVGProps<SVGRectElement>'.
components/library/recap/AnalyticsPanel.tsx(40,17): error TS2322: Type '{ children: Element; onClose: () => void; className: string; }' is not assignable to type 'DetailedHTMLProps<ButtonHTMLAttributes<HTMLButtonElement>, HTMLButtonElement>'.
  Property 'onClose' does not exist on type 'DetailedHTMLProps<ButtonHTMLAttributes<HTMLButtonElement>, HTMLButtonElement>'.
components/library/recap/components/KeywordBadge.tsx(41,7): error TS2322: Type '"secondary" | "default" | "destructive" | "outline-solid"' is not assignable to type '"link" | "secondary" | "outline" | "ghost" | "default" | "destructive" | null | undefined'.
  Type '"outline-solid"' is not assignable to type '"link" | "secondary" | "outline" | "ghost" | "default" | "destructive" | null | undefined'.
components/library/recap/components/library/PaperCard.tsx(48,8): error TS18048: 'paper.authors.length' is possibly 'undefined'.
components/library/recap/components/library/PaperCard.tsx(50,12): error TS18048: 'paper.authors' is possibly 'undefined'.
components/library/recap/components/ui/badge.tsx(37,31): error TS2339: Property 'Root' does not exist on type 'ForwardRefExoticComponent<HTMLAttributes<HTMLElement> & { children?: ReactNode; } & RefAttributes<HTMLElement>>'.
components/library/recap/components/ui/button.tsx(54,31): error TS2339: Property 'Root' does not exist on type 'ForwardRefExoticComponent<HTMLAttributes<HTMLElement> & { children?: ReactNode; } & RefAttributes<HTMLElement>>'.
components/library/recap/components/ui/command.tsx(4,45): error TS2307: Cannot find module 'cmdk' or its corresponding type declarations.
components/library/recap/components/ui/keywordbadge.tsx(41,7): error TS2322: Type '"secondary" | "default" | "destructive" | "outline-solid"' is not assignable to type '"link" | "secondary" | "outline" | "ghost" | "default" | "destructive" | null | undefined'.
  Type '"outline-solid"' is not assignable to type '"link" | "secondary" | "outline" | "ghost" | "default" | "destructive" | null | undefined'.
components/library/recap/components/ui/papercard.tsx(94,38): error TS2322: Type '{ children: Element; asChild: true; }' is not assignable to type 'IntrinsicAttributes & Props<unknown>'.
  Property 'asChild' does not exist on type 'IntrinsicAttributes & Props<unknown>'.
components/library/recap/components/ui/sourcecitation.tsx(7,22): error TS2307: Cannot find module '../../../../../src/components/ui/card' or its corresponding type declarations.
components/library/recap/components/ui/sourcecitation.tsx(8,23): error TS2307: Cannot find module '../../../../../src/components/ui/badge' or its corresponding type declarations.
components/library/recap/components/ui/sourcecitation.tsx(9,24): error TS2307: Cannot find module '../../../../../src/components/ui/button' or its corresponding type declarations.
components/library/recap/LibraryPage.tsx(745,40): error TS2322: Type '{ children: Element; asChild: true; }' is not assignable to type 'IntrinsicAttributes & Props<unknown>'.
  Property 'asChild' does not exist on type 'IntrinsicAttributes & Props<unknown>'.
components/library/recap/LibraryPage.tsx(818,40): error TS2322: Type '{ children: Element; asChild: true; }' is not assignable to type 'IntrinsicAttributes & Props<unknown>'.
  Property 'asChild' does not exist on type 'IntrinsicAttributes & Props<unknown>'.
components/library/recap/RecapLibrary.tsx(17,21): error TS1261: Already included file name 'C:/Users/khush/Projects/CCRAS-suite/frontend/components/library/recap/RagPage.tsx' differs from file name 'C:/Users/khush/Projects/CCRAS-suite/frontend/components/library/recap/RAGPage.tsx' only in casing.
  The file is in the program because:
    Imported via "./RagPage" from file 'C:/Users/khush/Projects/CCRAS-suite/frontend/components/library/recap/RecapLibrary.tsx'
    Matched by default include pattern '**/*'
components/library/recap/RecapLibrary.tsx(21,8): error TS2613: Module '"C:/Users/khush/Projects/CCRAS-suite/frontend/components/library/recap/UploadPage"' has no default export. Did you mean to use 'import { UploadPage } from "C:/Users/khush/Projects/CCRAS-suite/frontend/components/library/recap/UploadPage"' instead?
components/library/recap/ResultCard.tsx(98,23): error TS2339: Property 'publication_date' does not exist on type 'Paper'.
components/library/recap/SearchPage.tsx(13,29): error TS2305: Module '"./SavedSearchesMenu"' has no exported member 'SavedSearchesTrigger'.
components/library/recap/SnowballingPage.tsx(7,34): error TS2307: Cannot find module '@/lib/normalize' or its corresponding type declarations.
components/library/recap/SnowballingPage.tsx(10,47): error TS2307: Cannot find module '@/components/ui/card' or its corresponding type declarations.
components/library/recap/SnowballingPage.tsx(13,28): error TS2307: Cannot find module '@/components/ui/scroll-area' or its corresponding type declarations.
components/library/recap/SnowballingPage.tsx(14,27): error TS2307: Cannot find module '@/components/ui/separator' or its corresponding type declarations.
components/library/recap/SnowballingPage.tsx(16,27): error TS2307: Cannot find module '@/components/PaperCard' or its corresponding type declarations.
components/library/recap/SnowballingPage.tsx(27,58): error TS2307: Cannot find module '@/components/ui/tabs' or its corresponding type declarations.
components/library/recap/SnowballingPage.tsx(28,23): error TS2307: Cannot find module '@/components/ui/badge' or its corresponding type declarations.
components/library/recap/SnowballingPage.tsx(145,40): error TS17001: JSX elements cannot have multiple attributes with the same name.
components/library/recap/SnowballingPage.tsx(606,24): error TS2304: Cannot find name 'setIsSidebarOpen'.
components/library/recap/SnowballingPage.tsx(606,42): error TS2304: Cannot find name 'isSidebarOpen'.
components/library/recap/SnowballingPage.tsx(609,10): error TS2304: Cannot find name 'Menu'.
components/library/recap/SnowballingPage.tsx(616,11): error TS2304: Cannot find name 'isSidebarOpen'.
components/library/recap/SnowballingPage.tsx(622,16): error TS2304: Cannot find name 'Leaf'.
components/library/recap/SnowballingPage.tsx(633,12): error TS2304: Cannot find name 'Dialog'.
components/library/recap/SnowballingPage.tsx(633,25): error TS2304: Cannot find name 'isNewSessionDialogOpen'.
components/library/recap/SnowballingPage.tsx(633,63): error TS2304: Cannot find name 'setIsNewSessionDialogOpen'.
components/library/recap/SnowballingPage.tsx(634,14): error TS2304: Cannot find name 'DialogTrigger'.
components/library/recap/SnowballingPage.tsx(636,18): error TS2304: Cannot find name 'Plus'.
components/library/recap/SnowballingPage.tsx(638,15): error TS2304: Cannot find name 'DialogTrigger'.
components/library/recap/SnowballingPage.tsx(639,14): error TS2304: Cannot find name 'DialogContent'.
components/library/recap/SnowballingPage.tsx(640,16): error TS2304: Cannot find name 'DialogHeader'.
components/library/recap/SnowballingPage.tsx(641,18): error TS2304: Cannot find name 'DialogTitle'.
components/library/recap/SnowballingPage.tsx(641,48): error TS2304: Cannot find name 'DialogTitle'.
components/library/recap/SnowballingPage.tsx(642,17): error TS2304: Cannot find name 'DialogHeader'.
components/library/recap/SnowballingPage.tsx(646,26): error TS2304: Cannot find name 'newSessionTitle'.
components/library/recap/SnowballingPage.tsx(647,36): error TS2304: Cannot find name 'setNewSessionTitle'.
components/library/recap/SnowballingPage.tsx(648,58): error TS2304: Cannot find name 'createNewSession'.
components/library/recap/SnowballingPage.tsx(652,28): error TS2304: Cannot find name 'createNewSession'.
components/library/recap/SnowballingPage.tsx(658,15): error TS2304: Cannot find name 'DialogContent'.
components/library/recap/SnowballingPage.tsx(659,13): error TS2304: Cannot find name 'Dialog'.
components/library/recap/SnowballingPage.tsx(668,14): error TS2304: Cannot find name 'sessions'.
components/library/recap/SnowballingPage.tsx(670,18): error TS2304: Cannot find name 'MessageSquare'.
components/library/recap/SnowballingPage.tsx(675,15): error TS2304: Cannot find name 'sessions'.
components/library/recap/SnowballingPage.tsx(675,29): error TS7006: Parameter 'session' implicitly has an 'any' type.
components/library/recap/SnowballingPage.tsx(678,30): error TS2304: Cannot find name 'cn'.
components/library/recap/SnowballingPage.tsx(680,21): error TS2304: Cannot find name 'activeSession'.
components/library/recap/SnowballingPage.tsx(684,34): error TS2304: Cannot find name 'loadSession'.
components/library/recap/SnowballingPage.tsx(686,35): error TS2304: Cannot find name 'cn'.
components/library/recap/SnowballingPage.tsx(688,21): error TS2304: Cannot find name 'activeSession'.
components/library/recap/SnowballingPage.tsx(692,22): error TS2304: Cannot find name 'MessageSquare'.
components/library/recap/SnowballingPage.tsx(692,47): error TS2304: Cannot find name 'cn'.
components/library/recap/SnowballingPage.tsx(694,23): error TS2304: Cannot find name 'activeSession'.
components/library/recap/SnowballingPage.tsx(698,35): error TS2304: Cannot find name 'cn'.
components/library/recap/SnowballingPage.tsx(700,23): error TS2304: Cannot find name 'activeSession'.
components/library/recap/SnowballingPage.tsx(705,24): error TS2304: Cannot find name 'Clock'.
components/library/recap/SnowballingPage.tsx(714,37): error TS2304: Cannot find name 'deleteSession'.
components/library/recap/SnowballingPage.tsx(716,22): error TS2304: Cannot find name 'Trash2'.
components/library/recap/SnowballingPage.tsx(731,16): error TS2304: Cannot find name 'Bot'.
components/library/recap/SnowballingPage.tsx(735,18): error TS2304: Cannot find name 'activeSession'.
components/library/recap/SnowballingPage.tsx(736,21): error TS2304: Cannot find name 'sessions'.
components/library/recap/SnowballingPage.tsx(736,35): error TS7006: Parameter 's' implicitly has an 'any' type.
components/library/recap/SnowballingPage.tsx(736,49): error TS2304: Cannot find name 'activeSession'.
components/library/recap/SnowballingPage.tsx(751,24): error TS2304: Cannot find name 'exportChat'.
components/library/recap/SnowballingPage.tsx(754,16): error TS2304: Cannot find name 'Download'.
components/library/recap/SnowballingPage.tsx(760,26): error TS2552: Cannot find name 'scrollRef'. Did you mean 'ScrollArea'?
components/library/recap/SnowballingPage.tsx(762,14): error TS2304: Cannot find name 'messages'.
components/library/recap/SnowballingPage.tsx(765,20): error TS2304: Cannot find name 'Bot'.
components/library/recap/SnowballingPage.tsx(776,36): error TS2304: Cannot find name 'setInput'.
components/library/recap/SnowballingPage.tsx(784,36): error TS2304: Cannot find name 'setInput'.
components/library/recap/SnowballingPage.tsx(792,36): error TS2304: Cannot find name 'setInput'.
components/library/recap/SnowballingPage.tsx(800,15): error TS2304: Cannot find name 'messages'.
components/library/recap/SnowballingPage.tsx(800,29): error TS7006: Parameter 'message' implicitly has an 'any' type.
components/library/recap/SnowballingPage.tsx(801,18): error TS2304: Cannot find name 'ChatBubble'.
components/library/recap/SnowballingPage.tsx(804,36): error TS2304: Cannot find name 'setSelectedCitation'.
components/library/recap/SnowballingPage.tsx(817,24): error TS2304: Cannot find name 'inputRef'.
components/library/recap/SnowballingPage.tsx(819,26): error TS2304: Cannot find name 'input'.
components/library/recap/SnowballingPage.tsx(820,36): error TS2304: Cannot find name 'setInput'.
components/library/recap/SnowballingPage.tsx(823,29): error TS2304: Cannot find name 'isLoading'.
components/library/recap/SnowballingPage.tsx(827,26): error TS2304: Cannot find name 'sendMessage'.
components/library/recap/SnowballingPage.tsx(828,28): error TS2304: Cannot find name 'input'.
components/library/recap/SnowballingPage.tsx(828,44): error TS2304: Cannot find name 'isLoading'.
components/library/recap/SnowballingPage.tsx(831,18): error TS2304: Cannot find name 'isLoading'.
components/library/recap/SnowballingPage.tsx(832,20): error TS2304: Cannot find name 'Loader2'.
components/library/recap/SnowballingPage.tsx(834,20): error TS2304: Cannot find name 'Send'.
components/library/recap/SnowballingPage.tsx(846,8): error TS2304: Cannot find name 'selectedCitation'.
components/library/recap/SnowballingPage.tsx(849,28): error TS2304: Cannot find name 'setSelectedCitation'.
components/library/recap/SnowballingPage.tsx(852,14): error TS2304: Cannot find name 'X'.
components/library/recap/SnowballingPage.tsx(856,16): error TS2304: Cannot find name 'MessageSquare'.
components/library/recap/SnowballingPage.tsx(858,48): error TS2304: Cannot find name 'selectedCitation'.
components/library/recap/SnowballingPage.tsx(860,16): error TS2304: Cannot find name 'selectedCitation'.
components/library/recap/SnowballingPage.tsx(863,16): error TS2304: Cannot find name 'selectedCitation'.
components/library/recap/SnowballingPage.tsx(865,20): error TS2304: Cannot find name 'selectedCitation'.
components/library/recap/SnowballingPage.tsx(868,16): error TS2304: Cannot find name 'selectedCitation'.
components/library/recap/SnowballingPage.tsx(870,20): error TS2304: Cannot find name 'selectedCitation'.
components/library/recap/SnowballingPage.tsx(873,16): error TS2304: Cannot find name 'selectedCitation'.
components/library/recap/SnowballingPage.tsx(875,25): error TS2304: Cannot find name 'selectedCitation'.
components/library/recap/UploadPage.tsx(3,29): error TS2307: Cannot find module 'react-dropzone' or its corresponding type declarations.
components/library/recap/UploadPage.tsx(185,11): error TS2322: Type 'unknown' is not assignable to type 'Key | null | undefined'.
components/library/recap/UploadPage.tsx(187,20): error TS18046: 'i' is of type 'unknown'.
components/library/recap/UploadPage.tsx(192,27): error TS18046: 'i' is of type 'unknown'.
components/library/recap/UploadPage.tsx(200,11): error TS2322: Type 'unknown' is not assignable to type 'Key | null | undefined'.
components/library/recap/UploadPage.tsx(202,20): error TS18046: 'i' is of type 'unknown'.
components/library/recap/UploadPage.tsx(348,16): error TS2345: Argument of type '(prev: UploadedFile[]) => { file: File; status: string; }[]' is not assignable to parameter of type 'SetStateAction<UploadedFile[]>'.
  Type '(prev: UploadedFile[]) => { file: File; status: string; }[]' is not assignable to type '(prevState: UploadedFile[]) => UploadedFile[]'.
    Type '{ file: File; status: string; }[]' is not assignable to type 'UploadedFile[]'.
      Type '{ file: File; status: string; }' is not assignable to type 'UploadedFile'.
        Types of property 'status' are incompatible.
          Type 'string' is not assignable to type 'FileStatus'.
components/library/recap/UploadPage.tsx(439,22): error TS2322: Type '{ children: string; htmlExplicit: boolean; className: string; }' is not assignable to type 'DetailedHTMLProps<LabelHTMLAttributes<HTMLLabelElement>, HTMLLabelElement>'.
  Property 'htmlExplicit' does not exist on type 'DetailedHTMLProps<LabelHTMLAttributes<HTMLLabelElement>, HTMLLabelElement>'.
components/library/recap/UploadPage.tsx(506,46): error TS2322: Type '{ className: string; }' is not assignable to type 'IntrinsicAttributes'.
  Property 'className' does not exist on type 'IntrinsicAttributes'.
components/library/recap/UploadPage.tsx(512,46): error TS2322: Type '{ className: string; }' is not assignable to type 'IntrinsicAttributes'.
  Property 'className' does not exist on type 'IntrinsicAttributes'.
components/literature/LiteratureExplorer.tsx(4,10): error TS2305: Module '"../../lib/api"' has no exported member 'fetchPapers'.
components/literature/LiteratureExplorer.tsx(4,23): error TS2305: Module '"../../lib/api"' has no exported member 'extractEntities'.
components/literature/LiteratureExplorer.tsx(4,40): error TS2305: Module '"../../lib/api"' has no exported member 'fetchPaperEntities'.
components/ui/button.tsx(54,31): error TS2339: Property 'Root' does not exist on type 'ForwardRefExoticComponent<HTMLAttributes<HTMLElement> & { children?: ReactNode; } & RefAttributes<HTMLElement>>'.
lib/api.ts(15,53): error TS2307: Cannot find module '@/lib/normalize' or its corresponding type declarations.
lib/api.ts(594,14): error TS2353: Object literal may only specify known properties, and 'required_papers' does not exist in type '{ related_papers: any[]; total_found: number; }'.
